2026-09-18 23:48:42 [INFO] AnycubicPhotonWorkshop start!
2026-09-18 23:48:42 [INFO] argc:  2
2026-09-18 23:48:42 [WARN] "C:/Program Files/AnycubicPhotonWorkshop"
2026-09-18 23:48:42 [WARN] Successfully init crashpad
2026-09-18 23:48:42 [WARN] Unable to enumerate family ' "Alibaba PuHuiTi 3.0 55 Regular L3" '
2026-09-18 23:48:42 [WARN] Unable to enumerate family ' "Alibaba PuHuiTi 3.0 95 ExtraBold" '
2026-09-18 23:48:42 [INFO] ctk manager plugins:  "C:/Program Files/AnycubicPhotonWorkshop/plugins/"
2026-09-18 23:48:42 [INFO] Load plugin org.commontk.eventadmin success.
2026-09-18 23:48:42 [INFO] [Install Plugin] "C:/Program Files/AnycubicPhotonWorkshop/plugins/splashwindow.dll"
2026-09-18 23:48:42 [INFO] Install Plugin Success!
2026-09-18 23:48:43 [WARN] Unable to enumerate family ' "Alibaba PuHuiTi 3.0 55 Regular L3" '
2026-09-18 23:48:43 [WARN] Unable to enumerate family ' "Alibaba PuHuiTi 3.0 95 ExtraBold" '
2026-09-18 23:48:43 [INFO] [Install Plugin] "C:/Program Files/AnycubicPhotonWorkshop/plugins/printer.dll"
2026-09-18 23:48:43 [INFO] Install Plugin Success!
2026-09-18 23:48:43 [FATAL] readDataFromFile (C:/Program Files/AnycubicPhotonWorkshop/machine_type/Anycubic Photon Mono M7.pwsp) is error.
2026-09-18 23:48:43 [FATAL] loadFactoryMachine factory market Anycubic Photon Mono M7 msg retcode -1, msg retmsg: 
2026-09-18 23:48:43 [WARN] loadMachineResin currentPrinter(Anycubic Photon Mono M7 Pro) init success.
2026-09-18 23:48:43 [INFO] loadMachineParamRange is success.
2026-09-18 23:48:43 [INFO] loadMachineResinType is success.
2026-09-18 23:48:43 [INFO] loadMachineResinName is success.
2026-09-18 23:48:43 [INFO] [Install Plugin] "C:/Program Files/AnycubicPhotonWorkshop/plugins/mainwindow.dll"
2026-09-18 23:48:43 [INFO] Install Plugin Success!
2026-09-18 23:48:44 [INFO] "current server is testserver. 0"
2026-09-18 23:48:44 [INFO] QVariant(QByteArray, "mqtt.anycubic.com")
2026-09-18 23:48:44 [INFO] QVariant(QByteArray, "mqtt-universe.anycubic.com")
2026-09-18 23:48:44 [INFO] QVariant(QByteArray, "8883")
2026-09-18 23:48:44 [INFO] QVariant(QByteArray, "8883")
2026-09-18 23:48:44 [INFO] "environment_url is https://workbentch.s3.us-east-2.amazonaws.com/workshop/environment.ini"
2026-09-18 23:48:44 [INFO] QmlFactory 0.103 s
2026-09-18 23:48:44 [INFO] [Install Plugin] "C:/Program Files/AnycubicPhotonWorkshop/plugins/autoupdater.dll"
2026-09-18 23:48:44 [INFO] Install Plugin Success!
2026-09-18 23:48:44 [INFO] [Install Plugin] "C:/Program Files/AnycubicPhotonWorkshop/plugins/gareport.dll"
2026-09-18 23:48:44 [INFO] Install Plugin Success!
2026-09-18 23:48:44 [INFO] [Install Plugin] "C:/Program Files/AnycubicPhotonWorkshop/plugins/accloud.dll"
2026-09-18 23:48:44 [INFO] Install Plugin Success!
2026-09-18 23:48:44 [WARN] void __cdecl ACCloudNetRequest::init(void), cn_server = mqtt.anycubic.com, cn_server_port = 8883, en_server = mqtt-universe.anycubic.com, en_server_port = 8883, url = https://cloud-universe.anycubic.com/p/p/workbench/api
2026-09-18 23:48:44 [WARN] CountriesDataModel::setCurrCountryIdn, newCurrCountryIdn = CN
2026-09-18 23:48:44 [WARN] void __cdecl ACCloudNetRequest::getCountries(void)
2026-09-18 23:48:44 [WARN] void __cdecl ACCloudNetRequest::getPrintCtrlCodeReasons(void)
2026-09-18 23:48:44 [WARN] ACCloudManager::ACCloudManager, cloud model, build_time = 2024-04-26 17:28:45, git_brance = feat/casdoor, git_hash = 6b20758, git_commit = 2024-04-26
2026-09-18 23:48:44 [INFO] [Install Plugin] "C:/Program Files/AnycubicPhotonWorkshop/plugins/facegen.dll"
2026-09-18 23:48:44 [INFO] Install Plugin Success!
2026-09-18 23:48:44 [WARN] Translation::changedSystemLanguage, language = 0
2026-09-18 23:48:44 [WARN] register  GizmoController
2026-09-18 23:48:46 [WARN] enableMenuShortcut menushort cut: 0
2026-09-18 23:48:46 [INFO] uiState:  false
2026-09-18 23:48:46 [WARN] enableMenuShortcut menushort cut: 0
2026-09-18 23:48:46 [WARN] QFSFileEngine::open: No file name specified
2026-09-18 23:48:46 [WARN] Cannot open file '', because: No file name specified
2026-09-18 23:48:46 [WARN] QFSFileEngine::open: No file name specified
2026-09-18 23:48:46 [WARN] Cannot open file '', because: No file name specified
2026-09-18 23:48:46 [WARN] QFSFileEngine::open: No file name specified
2026-09-18 23:48:46 [WARN] Cannot open file '', because: No file name specified
2026-09-18 23:48:46 [WARN] QFSFileEngine::open: No file name specified
2026-09-18 23:48:46 [WARN] Cannot open file '', because: No file name specified
2026-09-18 23:48:46 [WARN] QFSFileEngine::open: No file name specified
2026-09-18 23:48:46 [WARN] Cannot open file '', because: No file name specified
2026-09-18 23:48:46 [WARN] QFSFileEngine::open: No file name specified
2026-09-18 23:48:46 [WARN] Cannot open file '', because: No file name specified
2026-09-18 23:48:46 [WARN] QFSFileEngine::open: No file name specified
2026-09-18 23:48:46 [WARN] Cannot open file '', because: No file name specified
2026-09-18 23:48:46 [WARN] QFSFileEngine::open: No file name specified
2026-09-18 23:48:46 [WARN] Cannot open file '', because: No file name specified
2026-09-18 23:48:46 [WARN] xChanged 1
2026-09-18 23:48:46 [INFO] event:  "splash_window_visible" data:  QVariant(bool, false) extentionData:  QVariant(Invalid)
2026-09-18 23:48:46 [INFO] event:  "main_load" data:  QVariant(Invalid) extentionData:  QVariant(Invalid)
2026-09-18 23:48:46 [INFO] event:  "main_language_changed" data:  QVariant(int, 0) extentionData:  QVariant(Invalid)
2026-09-18 23:48:46 [INFO] "send post data error:Host cloud-universe.anycubic.com not found"
2026-09-18 23:48:46 [WARN] void __cdecl ACCloudNetRequest::onEvent(struct NetworkRequest::EventData)
, event.event = 36, status = 1, code = 6, msg = Couldn't resolve host name
2026-09-18 23:48:46 [WARN] void __cdecl ACCloudNetRequest::onEvent(struct NetworkRequest::EventData)
, event.event = 25, status = 1, code = 6, msg = Couldn't resolve host name
2026-09-18 23:48:46 [INFO] uiState:  true
2026-09-18 23:48:46 [WARN] creating renderer
2026-09-18 23:48:46 [WARN] printer valid --:  111.821 63.24
2026-09-18 23:48:46 [WARN] printer build --:  111.821 63.488
2026-09-18 23:48:46 [WARN] deltaX -- :  0.000205994
2026-09-18 23:48:46 [WARN] deltaY -- :  0.247997
2026-09-18 23:48:46 [WARN] machine boarder width 1--------------------  -0.000205994 0.247997
2026-09-18 23:48:46 [WARN] create planar shadow node
2026-09-18 23:48:46 [WARN] loadGizmoRotationHead OK 576
2026-09-18 23:48:46 [INFO]  camera_manipulator::home
2026-09-18 23:48:46 [INFO]  camera_manipulator::home/ComputeBound
2026-09-18 23:48:46 [INFO]  camera_manipulator::home
2026-09-18 23:48:46 [INFO]  camera_manipulator::home/ComputeBound
2026-09-18 23:48:46 [INFO]  camera_manipulator::home/BoundingSphere
2026-09-18 23:48:46 [INFO]  camera_manipulator::home/udpate_view
2026-09-18 23:48:46 [WARN] GL Verison:  0x207b1c000a8
2026-09-18 23:48:46 [WARN] GL Renderer:  0x207b1c57bac
2026-09-18 23:48:46 [WARN] compile shader program ok
2026-09-18 23:48:46 [WARN] compile shader program ok
2026-09-18 23:48:46 [WARN] compile shader program ok
2026-09-18 23:48:46 [WARN] AnyGizmos::Im3d_Init      LoadCompileShader Ok
2026-09-18 23:48:46 [WARN] AnyGizmos::Im3d_Init   VAO release Ok
2026-09-18 23:48:47 [WARN] QFSFileEngine::open: No file name specified
2026-09-18 23:48:47 [WARN] Cannot open file '', because: No file name specified
2026-09-18 23:48:47 [WARN] QFSFileEngine::open: No file name specified
2026-09-18 23:48:47 [WARN] Cannot open file '', because: No file name specified
2026-09-18 23:48:47 [INFO] event:  "updater_init_compeleted" data:  QVariant(Invalid) extentionData:  QVariant(Invalid)
2026-09-18 23:48:47 [WARN] QFSFileEngine::open: No file name specified
2026-09-18 23:48:47 [WARN] Cannot open file '', because: No file name specified
2026-09-18 23:48:47 [WARN] QFSFileEngine::open: No file name specified
2026-09-18 23:48:47 [WARN] Cannot open file '', because: No file name specified
2026-09-18 23:48:47 [WARN] void __cdecl ACCloudNetRequest::getCountries(void)
2026-09-18 23:48:47 [WARN] void __cdecl ACCloudNetRequest::getPrintCtrlCodeReasons(void)
2026-09-18 23:48:47 [INFO] event:  "accloud_start_init" data:  QVariant(int, 0) extentionData:  QVariant(int, 0)
2026-09-18 23:48:47 [INFO] parseImportFiles other files: C:\Users\Nolan\Documents\GW Bleed\LICENSE
2026-09-18 23:48:47 [INFO] parseImportFiles other files: C:\Users\Nolan\Documents\GW Bleed\LICENSE
2026-09-18 23:48:47 [INFO] sendData:  "{\n    \"appName\": \"AnycubicPhotonWorkshop_V3.3.2\",\n    \"appVersion\": \"v3.3.2\",\n    \"business\": \"\",\n    \"city\": \"\",\n    \"country\": \"\",\n    \"elementContent\": \"\",\n    \"elementType\": \"\",\n    \"eventName\": \"AppStart\",\n    \"function\": \"\",\n    \"isOverseasVersion\": true,\n    \"module\": \"\",\n    \"pcId\": \"160d2a6b92deb8597b84a599b96f6418\",\n    \"printerType\": \"\",\n    \"province\": \"\",\n    \"timestamp\": 1789789727,\n    \"title\": \"\",\n    \"userId\": 0\n}\n"
2026-09-18 23:48:47 [WARN] QFSFileEngine::open: No file name specified
2026-09-18 23:48:47 [WARN] Cannot open file '', because: No file name specified
2026-09-18 23:48:47 [INFO] uiState:  false
2026-09-18 23:48:47 [WARN] enableMenuShortcut menushort cut: 32
2026-09-18 23:48:47 [INFO] "doReportImportModelResult!"
2026-09-18 23:48:47 [INFO] event:  "ga_report" data:  QVariant(QByteArray, "{\n    \"business\": \"model_prepare\",\n    \"elementContent\": \"Import Files\",\n    \"elementType\": \"BUTTON\",\n    \"event\": \"ImportModelResult\",\n    \"function\": \"import_model\",\n    \"module\": \"menu_bar\",\n    \"printerType\": \"LCD\",\n    \"title\": \"\"\n}\n") extentionData:  QVariant(QByteArray, "{\n    \"importType\": \"4\",\n    \"modelInformation\": [\n        {\n            \"fileName\": \"LICENSE\",\n            \"fileSize\": 11560,\n            \"fileType\": \"\",\n            \"isSuccess\": 1\n        }\n    ],\n    \"numberOfModel\": 1\n}\n")
2026-09-18 23:48:47 [INFO] "start check autoUpdater!"
2026-09-18 23:48:47 [INFO] event:  "updater_check" data:  QVariant(Invalid) extentionData:  QVariant(Invalid)
2026-09-18 23:48:47 [WARN] QFSFileEngine::open: No file name specified
2026-09-18 23:48:47 [WARN] Cannot open file '', because: No file name specified
2026-09-18 23:48:47 [WARN] QFSFileEngine::open: No file name specified
2026-09-18 23:48:47 [WARN] Cannot open file '', because: No file name specified
2026-09-18 23:48:47 [WARN] QFSFileEngine::open: No file name specified
2026-09-18 23:48:47 [WARN] Cannot open file '', because: No file name specified
2026-09-18 23:48:47 [WARN] QFSFileEngine::open: No file name specified
2026-09-18 23:48:47 [WARN] Cannot open file '', because: No file name specified
2026-09-18 23:48:47 [WARN] QFSFileEngine::open: No file name specified
2026-09-18 23:48:47 [WARN] Cannot open file '', because: No file name specified
2026-09-18 23:48:47 [WARN] QFSFileEngine::open: No file name specified
2026-09-18 23:48:47 [WARN] Cannot open file '', because: No file name specified
2026-09-18 23:48:47 [WARN] QFSFileEngine::open: No file name specified
2026-09-18 23:48:47 [WARN] Cannot open file '', because: No file name specified
2026-09-18 23:48:47 [WARN] QFSFileEngine::open: No file name specified
2026-09-18 23:48:47 [WARN] Cannot open file '', because: No file name specified
2026-09-18 23:48:47 [WARN] QFSFileEngine::open: No file name specified
2026-09-18 23:48:47 [WARN] Cannot open file '', because: No file name specified
2026-09-18 23:48:47 [WARN] QFSFileEngine::open: No file name specified
2026-09-18 23:48:47 [WARN] Cannot open file '', because: No file name specified
2026-09-18 23:48:47 [WARN] QFSFileEngine::open: No file name specified
2026-09-18 23:48:47 [WARN] Cannot open file '', because: No file name specified
2026-09-18 23:48:47 [WARN] QFSFileEngine::open: No file name specified
2026-09-18 23:48:47 [WARN] Cannot open file '', because: No file name specified
2026-09-18 23:48:47 [WARN] QFSFileEngine::open: No file name specified
2026-09-18 23:48:47 [WARN] Cannot open file '', because: No file name specified
2026-09-18 23:48:47 [WARN] QFSFileEngine::open: No file name specified
2026-09-18 23:48:47 [WARN] Cannot open file '', because: No file name specified
2026-09-18 23:48:47 [WARN] QFSFileEngine::open: No file name specified
2026-09-18 23:48:47 [WARN] Cannot open file '', because: No file name specified
2026-09-18 23:48:47 [WARN] QFSFileEngine::open: No file name specified
2026-09-18 23:48:47 [WARN] Cannot open file '', because: No file name specified
2026-09-18 23:48:47 [WARN] QFSFileEngine::open: No file name specified
2026-09-18 23:48:47 [WARN] Cannot open file '', because: No file name specified
2026-09-18 23:48:47 [WARN] QFSFileEngine::open: No file name specified
2026-09-18 23:48:47 [WARN] Cannot open file '', because: No file name specified
2026-09-18 23:48:47 [WARN] QFSFileEngine::open: No file name specified
2026-09-18 23:48:47 [WARN] Cannot open file '', because: No file name specified
2026-09-18 23:48:47 [WARN] QFSFileEngine::open: No file name specified
2026-09-18 23:48:47 [WARN] Cannot open file '', because: No file name specified
2026-09-18 23:48:47 [WARN] QFSFileEngine::open: No file name specified
2026-09-18 23:48:47 [WARN] Cannot open file '', because: No file name specified
2026-09-18 23:48:47 [WARN] QFSFileEngine::open: No file name specified
2026-09-18 23:48:47 [WARN] Cannot open file '', because: No file name specified
2026-09-18 23:48:47 [WARN] QFSFileEngine::open: No file name specified
2026-09-18 23:48:47 [WARN] Cannot open file '', because: No file name specified
2026-09-18 23:48:47 [WARN] QFSFileEngine::open: No file name specified
2026-09-18 23:48:47 [WARN] Cannot open file '', because: No file name specified
2026-09-18 23:48:48 [WARN] QFSFileEngine::open: No file name specified
2026-09-18 23:48:48 [WARN] Cannot open file '', because: No file name specified
2026-09-18 23:48:48 [WARN] QFSFileEngine::open: No file name specified
2026-09-18 23:48:48 [WARN] Cannot open file '', because: No file name specified
2026-09-18 23:48:48 [WARN] void __cdecl ACCloudNetRequest::onEvent(struct NetworkRequest::EventData)
, event.event = 36, status = 1, code = 6, msg = Couldn't resolve host name
2026-09-18 23:48:48 [WARN] void __cdecl ACCloudNetRequest::onEvent(struct NetworkRequest::EventData)
, event.event = 25, status = 1, code = 6, msg = Couldn't resolve host name
2026-09-18 23:48:48 [INFO] sendData:  "{\n    \"appName\": \"AnycubicPhotonWorkshop_V3.3.2\",\n    \"appVersion\": \"v3.3.2\",\n    \"business\": \"\",\n    \"city\": \"\",\n    \"country\": \"\",\n    \"elementContent\": \"\",\n    \"elementType\": \"\",\n    \"eventName\": \"ImportModelResult\",\n    \"function\": \"\",\n    \"isOverseasVersion\": true,\n    \"module\": \"\",\n    \"pcId\": \"160d2a6b92deb8597b84a599b96f6418\",\n    \"printerType\": \"\",\n    \"province\": \"\",\n    \"timestamp\": 1789789728,\n    \"title\": \"\",\n    \"userId\": 0\n}\n"
2026-09-18 23:48:48 [INFO] "send post data error:Host cloud-universe.anycubic.com not found"
2026-09-18 23:48:48 [INFO] "send post data error:Host cloud-universe.anycubic.com not found"
2026-09-18 23:48:49 [INFO] uiState:  true
2026-09-18 23:48:49 [WARN] enableMenuShortcut menushort cut: 0
2026-09-18 23:48:50 [INFO] scene modifyed:  false
2026-09-18 23:48:50 [INFO] save support file is success!
2026-09-18 23:48:52 [INFO] AnycubicPhotonWorkshop end!
2026-09-18 23:48:52 [WARN] QThreadStorage: Thread 0x2079d3c6a90 exited after QThreadStorage 7 destroyed
